2026-09-02 19:37:10.363 xcodebuild[39848:451488] [MT] IDEDistribution: -[IDEDistributionLogging _createLoggingBundleAtPath:]: Created bundle at path "/var/folders/vk/dmj39y_n1n7gs0wclbyqkfn40000gn/T/Quotable_2026-09-02_19-37-10.363.xcdistributionlogs".
2026-09-02 19:37:21.708 xcodebuild[39848:451488] Starting upload
2026-09-02 19:37:23.221 xcodebuild[39848:451523] Progress 0%: Making copy of ‘Quotestreak.pkg’…
2026-09-02 19:37:23.222 xcodebuild[39848:451523] Progress 0%: Making copy of ‘Quotestreak.pkg’…
2026-09-02 19:37:23.222 xcodebuild[39848:451523] Progress 0%: Preparing to upload ‘Quotestreak.pkg’…
2026-09-02 19:37:29.973 xcodebuild[39848:451523] Progress 0%: Analyzing package…
2026-09-02 19:37:31.206 xcodebuild[39848:451523] Progress 0%: Sending analysis to App Store Connect…
2026-09-02 19:37:32.055 xcodebuild[39848:451523] Progress 0%: Waiting for App Store Connect analysis response…
2026-09-02 19:37:33.815 xcodebuild[39848:451523] Progress 0%: Waiting for App Store Connect analysis response…
2026-09-02 19:38:05.606 xcodebuild[39848:454856] Progress 0%: Sending SPI analysis to App Store Connect…
2026-09-02 19:38:06.480 xcodebuild[39848:454856] Progress 0%: Waiting for App Store Connect SPI analysis response…
2026-09-02 19:38:07.870 xcodebuild[39848:454856] Progress 0%: Waiting for App Store Connect SPI analysis response…
2026-09-02 19:38:28.817 xcodebuild[39848:455319] Progress 0%: Requesting upload instructions from App Store Connect…
2026-09-02 19:38:29.877 xcodebuild[39848:455319] Progress 0%: Preparing file for upload to App Store Connect…
2026-09-02 19:38:29.879 xcodebuild[39848:455319] Progress 0%: Preparing file for upload to App Store Connect…
2026-09-02 19:38:29.880 xcodebuild[39848:455319] Progress 0%: Uploading to App Store Connect…
2026-09-02 19:38:29.884 xcodebuild[39848:455319] Progress 100%: Uploading to App Store Connect…
2026-09-02 19:38:29.884 xcodebuild[39848:455319] Progress 100%: Uploading to App Store Connect…
2026-09-02 19:38:30.201 xcodebuild[39848:455319] Progress 100%: Completing upload…
2026-09-02 19:38:31.361 xcodebuild[39848:455319] Progress 100%: Waiting for package to begin processing…
2026-09-02 19:38:31.507 xcodebuild[39848:455319] Progress 100%: Uploaded package is processing.
2026-09-02 19:38:31.508 xcodebuild[39848:455319] Progress 100%: Upload succeeded.
Uploaded Quotable
** EXPORT SUCCEEDED **

Waiting for build 202609021935 (1.2.1) to appear in App Store Connect...
Build bf2bb83b-524d-4359-bed3-52c2c9ce7835 discovered; waiting for processing...
{"archive_path":"../.asc/artifacts/QuotableMac.xcarchive","export_options_path":"ExportOptions.plist","ipa_path":"","bundle_id":"com.heyitsmejosh.quotable","version":"1.2.1","build_number":"202609021935","build_id":"bf2bb83b-524d-4359-bed3-52c2c9ce7835","processing_state":"VALID"}
