{"storageBackend":"System Keychain","storageLocation":"system keychain","credentials":[{"name":"Epiphany","keyId":"F44GR466T7","isDefault":true,"storedIn":"keychain"}],"environmentCredentialsProvided":false,"environmentCredentialsComplete":false}
{"version":"1.2.1","buildNumber":"202609021936","projectDir":"/Users/joshua/Documents/Code/quotestreak/ios","changedFiles":["/Users/joshua/Documents/Code/quotestreak/ios/Quotable.xcodeproj/project.pbxproj"],"changes":[{"setting":"CURRENT_PROJECT_VERSION","oldValue":"202609021935","newValue":"202609021936","configuration":"Debug","path":"/Users/joshua/Documents/Code/quotestreak/ios/Quotable.xcodeproj/project.pbxproj","source":"pbxproj"},{"setting":"CURRENT_PROJECT_VERSION","oldValue":"202609021935","newValue":"202609021936","configuration":"Release","path":"/Users/joshua/Documents/Code/quotestreak/ios/Quotable.xcodeproj/project.pbxproj","source":"pbxproj"}]}
Command line invocation:
    /Applications/Xcode.app/Contents/Developer/usr/bin/xcodebuild -project Quotable.xcodeproj -scheme Quotable archive -archivePath ../.asc/artifacts/Quotable.xcarchive

--- xcodebuild: WARNING: Using the first of multiple matching destinations:
{ platform:iOS, id:dvtdevice-DVTiPhonePlaceholder-iphoneos:placeholder, name:Any iOS Device }
{ platform:iOS Simulator, id:dvtdevice-DVTiOSDeviceSimulatorPlaceholder-iphonesimulator:placeholder, name:Any iOS Simulator Device }
{ platform:macOS, arch:arm64, variant:Designed for [iPad,iPhone], id:00008132-001238112E2A401C, name:My Mac }
{ platform:iOS Simulator, arch:arm64, id:E8DC83A1-D365-4A28-8405-D7092676F0AB, OS:26.5, name:BCGD-Shots }
{ platform:iOS Simulator, arch:arm64, id:FB50ACFD-C622-4EFE-AF77-E1448864D706, OS:26.5, name:Doorstock-Shots }
{ platform:iOS Simulator, arch:arm64, id:8108AD7F-7C7E-4252-B7C9-54E6C5AD58AF, OS:26.5, name:Etyma-Shots }
{ platform:iOS Simulator, arch:arm64, id:5DAB4442-CDF5-474C-A94F-621113C4BDD1, OS:26.5, name:Lexly-Shots }
{ platform:iOS Simulator, arch:arm64, id:CF811AFF-236D-45B9-9584-B5269E43CB0B, OS:26.5, name:Lexly-Shots-65 }
{ platform:iOS Simulator, arch:arm64, id:4F7C3783-D81C-49E7-9575-AAFB8863B92B, OS:26.5, name:NYCSurvive-Shots }
{ platform:iOS Simulator, arch:arm64, id:A2170CBC-C483-4009-9B29-57D0BC45D8EA, OS:26.5, name:NYCSurvive-Shots-iPhone }
{ platform:iOS Simulator, arch:arm64, id:267C51B7-E068-4A9A-8870-9B66A2B16412, OS:26.5, name:Voxprint-Shots }
{ platform:iOS Simulator, arch:arm64, id:518F119E-FBBB-4CA7-BA59-494D193BB186, OS:26.5, name:iPad (A16) }
{ platform:iOS Simulator, arch:arm64, id:0B3B3265-4941-4CE8-B32F-F5AECBB7C86C, OS:26.5, name:iPad Air 11-inch (M4) }
{ platform:iOS Simulator, arch:arm64, id:89A5BDB7-16FC-4234-9B99-4C949CE7A15E, OS:26.5, name:iPad Air 13-inch (M4) }
{ platform:iOS Simulator, arch:arm64, id:74664F0C-D227-423B-954F-A51F6A3BBDF3, OS:26.5, name:iPad Pro 11-inch (M5) }
{ platform:iOS Simulator, arch:arm64, id:ED5D9A7F-E563-4871-B827-561A5962C8FA, OS:26.5, name:iPad Pro 13-inch (M5) }
{ platform:iOS Simulator, arch:arm64, id:14C1816B-A376-4436-BE72-770708C73D41, OS:26.5, name:iPad mini (A17 Pro) }
{ platform:iOS Simulator, arch:arm64, id:3B6E40E4-294F-4E28-86C3-963D9F9330A6, OS:26.5, name:iPhone 11 Pro Max }
{ platform:iOS Simulator, arch:arm64, id:8B1A8082-C5F3-48FB-A17A-F12504938E6C, OS:26.5, name:iPhone 14 Plus }
{ platform:iOS Simulator, arch:arm64, id:693DF7B7-6C64-4E97-9C33-A72CD0E2C8B3, OS:26.5, name:iPhone 17 }
{ platform:iOS Simulator, arch:arm64, id:FFDEB091-6FCC-4152-938B-0C830DB109F4, OS:26.5, name:iPhone 17 Pro }
{ platform:iOS Simulator, arch:arm64, id:DDB20504-7377-41F6-BEE7-9C7EB99F2BD4, OS:26.5, name:iPhone 17 Pro Max }
{ platform:iOS Simulator, arch:arm64, id:2797FF4F-AF05-4E5E-B316-9247BCDB4170, OS:26.5, name:iPhone 17e }
{ platform:iOS Simulator, arch:arm64, id:798979ED-58BC-4D29-BCBB-E7C86A743824, OS:26.5, name:iPhone Air }
ComputePackagePrebuildTargetDependencyGraph

Prepare packages

CreateBuildRequest

SendProjectDescription

CreateBuildOperation

ComputeTargetDependencyGraph
note: Building targets in dependency order
note: Target dependency graph (1 target)
    Target 'Quotable' in project 'Quotable' (no dependencies)

GatherProvisioningInputs

CreateBuildDescription

ExecuteExternalTool /Applications/Xcode.app/Contents/Developer/Toolchains/XcodeDefault.xctoolchain/usr/bin/clang -v -E -dM -isysroot /Applications/Xcode.app/Contents/Developer/Platforms/iPhoneOS.platform/Developer/SDKs/iPhoneOS26.5.sdk -x c -c /dev/null

ExecuteExternalTool /Applications/Xcode.app/Contents/Developer/usr/bin/xcstringstool compile --dry-run --output-directory /Users/joshua/Library/Developer/Xcode/DerivedData/Quotable-bijggrcyyrykkqddmuhpchqgincz/Build/Intermediates.noindex/ArchiveIntermediates/Quotable/IntermediateBuildFilesPath/Quotable.build/Release-iphoneos/Quotable.build /Users/joshua/Documents/Code/quotestreak/ios/Quotable/Localizable.xcstrings

ExecuteExternalTool /Applications/Xcode.app/Contents/Developer/usr/bin/actool --print-asset-tag-combinations --output-format xml1 /Users/joshua/Documents/Code/quotestreak/ios/Assets.xcassets

ExecuteExternalTool /Applications/Xcode.app/Contents/Developer/usr/bin/actool --version --output-format xml1

ExecuteExternalTool /Applications/Xcode.app/Contents/Developer/Toolchains/XcodeDefault.xctoolchain/usr/bin/swiftc --version

ExecuteExternalTool /Applications/Xcode.app/Contents/Developer/Toolchains/XcodeDefault.xctoolchain/usr/bin/ld -version_details

Build description signature: 4d1fc6042e41b8ff7323b529e357176c
Build description path: /Users/joshua/Library/Developer/Xcode/DerivedData/Quotable-bijggrcyyrykkqddmuhpchqgincz/Build/Intermediates.noindex/ArchiveIntermediates/Quotable/IntermediateBuildFilesPath/XCBuildData/4d1fc6042e41b8ff7323b529e357176c.xcbuilddata
/Users/joshua/Documents/Code/quotestreak/ios/Quotable.xcodeproj: error: Provisioning profile "iOS Team Provisioning Profile: *" doesn't include the App Groups capability. (in target 'Quotable' from project 'Quotable')
/Users/joshua/Documents/Code/quotestreak/ios/Quotable.xcodeproj: error: Provisioning profile "iOS Team Provisioning Profile: *" doesn't support the group.com.heyitsmejosh.quotable App Group. (in target 'Quotable' from project 'Quotable')
/Users/joshua/Documents/Code/quotestreak/ios/Quotable.xcodeproj: error: Provisioning profile "iOS Team Provisioning Profile: *" doesn't include the com.apple.security.application-groups entitlement. (in target 'Quotable' from project 'Quotable')
** ARCHIVE FAILED **


The following build commands failed:
	Archiving project Quotable with scheme Quotable
(1 failure)
Error: xcode archive: xcodebuild archive failed: Command line invocation:
    /Applications/Xcode.app/Contents/Developer/usr/bin/xcodebuild -project Quotable.xcodeproj -scheme Quotable archive -archivePath ../.asc/artifacts/Quotable.xcarchive

--- xcodebuild: WARNING: Using the first of multiple matching destinations:
{ platform:iOS, id:dvtdevice-DVTiPhonePlaceholder-iphoneos:placeholder, name:Any iOS Device }
{ platform:iOS Simulator, id:dvtdevice-DVTiOSDeviceSimulatorPlaceholder-iphonesimulator:placeholder, name:Any iOS Simulator Device }
{ platform:macOS, arch:arm64, variant:Designed for [iPad,iPhone], id:00008132-001238112E2A401C, name:My Mac }
{ platform:iOS Simulator, arch:arm64, id:E8DC83A1-D365-4A28-8405-D7092676F0AB, OS:26.5, name:BCGD-Shots }
{ platform:iOS Simulator, arch:arm64, id:FB50ACFD-C622-4EFE-AF77-E1448864D706, OS:26.5, name:Doorstock-Shots }
{ platform:iOS Simulator, arch:arm64, id:8108AD7F-7C7E-4252-B7C9-54E6C5AD58AF, OS:26.5, name:Etyma-Shots }
{ platform:iOS Simulator, arch:arm64, id:5DAB4442-CDF5-474C-A94F-621113C4BDD1, OS:26.5, name:Lexly-Shots }
{ platform:iOS Simulator, arch:arm64, id:CF811AFF-236D-45B9-9584-B5269E43CB0B, OS:26.5, name:Lexly-Shots-65 }
{ platform:iOS Simulator, arch:arm64, id:4F7C3783-D81C-49E7-9575-AAFB8863B92B, OS:26.5, name:NYCSurvive-Shots }
{ platform:iOS Simulator, arch:arm64, id:A2170CBC-C483-4009-9B29-57D0BC45D8EA, OS:26.5, name:NYCSurvive-Shots-iPhone }
{ platform:iOS Simulator, arch:arm64, id:267C51B7-E068-4A9A-8870-9B66A2B16412, OS:26.5, name:Voxprint-Shots }
{ platform:iOS Simulator, arch:arm64, id:518F119E-FBBB-4CA7-BA59-494D193BB186, OS:26.5, name:iPad (A16) }
{ platform:iOS Simulator, arch:arm64, id:0B3B3265-4941-4CE8-B32F-F5AECBB7C86C, OS:26.5, name:iPad Air 11-inch (M4) }
{ platform:iOS Simulator, arch:arm64, id:89A5BDB7-16FC-4234-9B99-4C949CE7A15E, OS:26.5, name:iPad Air 13-inch (M4) }
{ platform:iOS Simulator, arch:arm64, id:74664F0C-D227-423B-954F-A51F6A3BBDF3, OS:26.5, name:iPad Pro 11-inch (M5) }
{ platform:iOS Simulator, arch:arm64, id:ED5D9A7F-E563-4871-B827-561A5962C8FA, OS:26.5, name:iPad Pro 13-inch (M5) }
{ platform:iOS Simulator, arch:arm64, id:14C1816B-A376-4436-BE72-770708C73D41, OS:26.5, name:iPad mini (A17 Pro) }
{ platform:iOS Simulator, arch:arm64, id:3B6E40E4-294F-4E28-86C3-963D9F9330A6, OS:26.5, name:iPhone 11 Pro Max }
{ platform:iOS Simulator, arch:arm64, id:8B1A8082-C5F3-48FB-A17A-F12504938E6C, OS:26.5, name:iPhone 14 Plus }
{ platform:iOS Simulator, arch:arm64, id:693DF7B7-6C64-4E97-9C33-A72CD0E2C8B3, OS:26.5, name:iPhone 17 }
{ platform:iOS Simulator, arch:arm64, id:FFDEB091-6FCC-4152-938B-0C830DB109F4, OS:26.5, name:iPhone 17 Pro }
{ platform:iOS Simulator, arch:arm64, id:DDB20504-7377-41F6-BEE7-9C7EB99F2BD4, OS:26.5, name:iPhone 17 Pro Max }
{ platform:iOS Simulator, arch:arm64, id:2797FF4F-AF05-4E5E-B316-9247BCDB4170, OS:26.5, name:iPhone 17e }
{ platform:iOS Simulator, arch:arm64, id:798979ED-58BC-4D29-BCBB-E7C86A743824, OS:26.5, name:iPhone Air }
ComputePackagePrebuildTargetDependencyGraph

Prepare packages

CreateBuildRequest

SendProjectDescription

CreateBuildOperation

ComputeTargetDependencyGraph
note: Building targets in dependency order
note: Target dependency graph (1 target)
    Target 'Quotable' in project 'Quotable' (no dependencies)

GatherProvisioningInputs

CreateBuildDescription

ExecuteExternalTool /Applications/Xcode.app/Contents/Developer/Toolchains/XcodeDefault.xctoolchain/usr/bin/clang -v -E -dM -isysroot /Applications/Xcode.app/Contents/Developer/Platforms/iPhoneOS.platform/Developer/SDKs/iPhoneOS26.5.sdk -x c -c /dev/null

ExecuteExternalTool /Applications/Xcode.app/Contents/Developer/usr/bin/xcstringstool compile --dry-run --output-directory /Users/joshua/Library/Developer/Xcode/DerivedData/Quotable-bijggrcyyrykkqddmuhpchqgincz/Build/Intermediates.noindex/ArchiveIntermediates/Quotable/IntermediateBuildFilesPath/Quotable.build/Release-iphoneos/Quotable.build /Users/joshua/Documents/Code/quotestreak/ios/Quotable/Localizable.xcstrings

ExecuteExternalTool /Applications/Xcode.app/Contents/Developer/usr/bin/actool --print-asset-tag-combinations --output-format xml1 /Users/joshua/Documents/Code/quotestreak/ios/Assets.xcassets

ExecuteExternalTool /Applications/Xcode.app/Contents/Developer/usr/bin/actool --version --output-format xml1

ExecuteExternalTool /Applications/Xcode.app/Contents/Developer/Toolchains/XcodeDefault.xctoolchain/usr/bin/swiftc --version

ExecuteExternalTool /Applications/Xcode.app/Contents/Developer/Toolchains/XcodeDefault.xctoolchain/usr/bin/ld -version_details

Build description signature: 4d1fc6042e41b8ff7323b529e357176c
Build description path: /Users/joshua/Library/Developer/Xcode/DerivedData/Quotable-bijggrcyyrykkqddmuhpchqgincz/Build/Intermediates.noindex/ArchiveIntermediates/Quotable/IntermediateBuildFilesPath/XCBuildData/4d1fc6042e41b8ff7323b529e357176c.xcbuilddata
/Users/joshua/Documents/Code/quotestreak/ios/Quotable.xcodeproj: error: Provisioning profile "iOS Team Provisioning Profile: *" doesn't include the App Groups capability. (in target 'Quotable' from project 'Quotable')
/Users/joshua/Documents/Code/quotestreak/ios/Quotable.xcodeproj: error: Provisioning profile "iOS Team Provisioning Profile: *" doesn't support the group.com.heyitsmejosh.quotable App Group. (in target 'Quotable' from project 'Quotable')
/Users/joshua/Documents/Code/quotestreak/ios/Quotable.xcodeproj: error: Provisioning profile "iOS Team Provisioning Profile: *" doesn't include the com.apple.security.application-groups entitlement. (in target 'Quotable' from project 'Quotable')
** ARCHIVE FAILED **


The following build commands failed:
	Archiving project Quotable with scheme Quotable
(1 failure)
{"workflow":"ship-ios","status":"error","error":"workflow: ship-ios step 2: exit status 1","failed_step":"archive","recoverable":true,"run_id":"ship-ios-20260903T023621Z-0b92d1e6","run_file":"/Users/joshua/Documents/Code/quotestreak/.asc/runs/ship-ios-20260903T023621Z-0b92d1e6.json","resume":{"command":"asc workflow run --file '/Users/joshua/Documents/Code/quotestreak/.asc/workflow.json' 'ship-ios' --resume 'ship-ios-20260903T023621Z-0b92d1e6'"},"hooks":{"before_all":{"command":"asc auth status","status":"ok","duration_ms":51}},"steps":[{"index":1,"name":"bump","command":"cd ios \u0026\u0026 asc xcode version edit --version \"$VERSION\" --build-number \"$(date +%Y%m%d%H%M)\"","status":"ok","duration_ms":46},{"index":2,"name":"archive","command":"cd ios \u0026\u0026 asc xcode archive --project Quotable.xcodeproj --scheme Quotable --archive-path ../.asc/artifacts/Quotable.xcarchive --overwrite --output json","status":"error","duration_ms":1288,"failure_reason":"command_failed","error":"exit status 1"}],"duration_ms":1393}
